0 verbose cli /stack/tools/nvm/versions/node/v24.19.0/bin/node /stack/tools/nvm/versions/node/v24.19.0/bin/npm
1 info using npm@11.17.0
2 info using node@v24.19.0
3 silly config load:file:/stack/tools/nvm/versions/node/v24.19.0/lib/node_modules/npm/npmrc
4 silly config load:file:/stack/projects/pdfturbo/.npmrc
5 silly config load:file:/home/developer/.npmrc
6 silly config load:file:/stack/tools/nvm/versions/node/v24.19.0/etc/npmrc
7 verbose title npm run lint
8 verbose argv "run" "lint"
9 verbose logfile logs-max:10 dir:/stack/projects/pdfturbo/${NPM_CACHE_DIR}/_logs/2026-09-04T17_23_19_448Z-
10 verbose logfile /stack/projects/pdfturbo/${NPM_CACHE_DIR}/_logs/2026-09-04T17_23_19_448Z-debug-0.log
11 warn Unknown user config "shamefully-hoist". This will stop working in the next major version of npm. See `npm help npmrc` for supported config options.
12 warn Unknown user config "public-hoist-pattern". This will stop working in the next major version of npm. See `npm help npmrc` for supported config options.
13 warn Unknown user config "global-dir". This will stop working in the next major version of npm. See `npm help npmrc` for supported config options.
14 warn Unknown user config "store-dir". This will stop working in the next major version of npm. See `npm help npmrc` for supported config options.
15 warn Unknown user config "side-effects-cache". This will stop working in the next major version of npm. See `npm help npmrc` for supported config options.
16 warn Unknown user config "side-effects-cache-readonly". This will stop working in the next major version of npm. See `npm help npmrc` for supported config options.
17 warn Unknown user config "use-beta-cli". This will stop working in the next major version of npm. See `npm help npmrc` for supported config options.
18 silly logfile done cleaning log files
19 http fetch GET 200 https://registry.npmjs.org/npm 454ms
20 verbose cwd /stack/projects/pdfturbo
21 verbose os Linux 7.0.0-30-generic
22 verbose node v24.19.0
23 verbose npm  v11.17.0
24 notice
24 notice New major version of npm available! 11.17.0 -> 12.0.2
24 notice Changelog: https://github.com/npm/cli/releases/tag/v12.0.2
24 notice To update run: npm install -g npm@12.0.2
24 notice  { force: true, Symbol(proc-log.meta): true }
25 verbose exit 0
26 info ok
